[ALA]
N CA O C HA H CB HB1 HB2 HB3
[ALAN]
N CA O C HA CB HB1 HB2 HB3 H H2 H3
[ALAC]
N CA O C HA CB HB1 HB2 HB3 H OXT
[ARG]
N CA O C HA H CB HB2 HB3 CG HG2 HG3 CD HD2 HD3 NE HE CZ NH1 HH11 HH12 NH2 HH21 HH22
[ARGC]
N CA O C HA H CB HB2 HB3 CG HG2 HG3 CD HD2 HD3 NE HE CZ NH1 HH11 HH12 NH2 HH21 HH22 OXT
[ASN]
N CA O C HA H CB HB2 HB3 CG OD1 ND2 HD21 HD22
[ASP]
N CA O C HA H CB HB2 HB3 CG OD1 OD2
[ASH]
N CA O C HA H CB HB2 HB3 CG OD1 OD2 HD2
[CYS]
N CA O C HA H CB HB2 HB3 SG HG
[CYX]
N CA O C HA H CB HB2 HB3 SG
[GLU]
N CA O C HA H CB HB2 HB3 CG HG2 HG3 CD OE1 OE2
[GLUN]
N CA O C HA H1 H2 H3 CB HB2 HB3 CG HG2 HG3 CD OE1 OE2
[GLH]
N CA O C HA H CB HB2 HB3 CG HG2 HG3 CD OE1 OE2 HE2
[GLN]
N CA O C HA H CB HB2 HB3 CG HG2 HG3 CD OE1 NE2 HE21 HE22
[GLNC]
N CA O C HA H CB HB2 HB3 CG HG2 HG3 CD OE1 NE2 HE21 HE22 OXT
[GLY]
N CA O C H HA2 HA3
[GLYN]
N CA O C H HA2 HA3 H2
[GLYC]
N CA O C H HA2 HA3 OXT
[HID]
N CA O C HA H CB HB2 HB3 CG ND1 CD2 CE1 NE2 HD1 HD2 HE1
[HIE]
N CA O C HA H CB HB2 HB3 CG ND1 CD2 CE1 NE2 HD2 HE1 HE2
[HIP]
N CA O C HA H CB HB2 HB3 CG ND1 CD2 CE1 NE2 HD1 HD2 HE1 HE2
[ILE]
N CA O C HA H CB HB CG2 HG21 HG22 HG23 CG1 HG12 HG13 CD1 HD11 HD12 HD13
[LEU]
N CA O C HA H CB HB2 HB3 CG HG CD1 HD11 HD12 HD13 CD2 HD21 HD22 HD23
[LEUC]
N CA O C HA H CB HB2 HB3 CG HG CD1 HD11 HD12 HD13 CD2 HD21 HD22 HD23 OXT
[LYS]
N CA O C HA H CB HB2 HB3 CG HG2 HG3 CD HD2 HD3 CE HE2 HE3 NZ HZ1 HZ2 HZ3
[LYSN]
N CA O C HA H1 H2 H3 CB HB2 HB3 CG HG2 HG3 CD HD2 HD3 CE HE2 HE3 NZ HZ1 HZ2 HZ3 
[LYSC]
N CA O C HA H CB HB2 HB3 CG HG2 HG3 CD HD2 HD3 CE HE2 HE3 NZ HZ1 HZ2 HZ3 OXT
[MET]
N CA O C HA H CB HB2 HB3 CG HG2 HG3 SD CE HE1 HE2 HE3
[METN]
N CA O C HA CB HB2 HB3 CG HG2 HG3 SD CE HE1 HE2 HE3 H1 H2 H3
[PHE]
N CA O C HA H CB HB2 HB3 CG CD1 HD1 CE1 HE1 CZ HZ CD2 HD2 CE2 HE2
[PRO]
N CA O C HA CD HD2 HD3 CB HB2 HB3 CG HG2 HG3
[PROC]
N CA O C HA CD HD2 HD3 CB HB2 HB3 CG HG2 HG3 OXT
[SER]
N CA O C HA H CB HB2 HB3 OG HG
[SERC]
N CA O C HA H CB HB2 HB3 OG HG OXT
[THR]
N CA O C HA H CB HB OG1 HG1 CG2 HG21 HG22 HG23
[TRP]
N CA O C HA H CB HB2 HB3 CG CD2 CD1 HD1 NE1 HE1 CE2 CE3 HE3 CZ3 HZ3 CZ2 HZ2 CH2 HH2
[TYR]
N CA O C HA H CB HB2 HB3 CG CD1 HD1 CE1 HE1 CZ OH HH CD2 HD2 CE2 HE2
[TYRN]
N CA O C HA CB HB2 HB3 CG CD1 HD1 CE1 HE1 CZ OH HH CD2 HD2 CE2 HE2 H1 H2 H3
[VAL]
N CA O C HA H CB HB CG1 HG11 HG12 HG13 CG2 HG21 HG22 HG23
[VALN]
N CA O C HA H1 H2 H3 CB HB CG1 HG11 HG12 HG13 CG2 HG21 HG22 HG23
