[N]
N
[CA]
CA
[O]
O
[COOT]
C O OXT
[C]
C
[HA]
HA
[H]
H
[NT]
N H1 H2 H3
[NP]
N
[CAP]
CA
[ALA1]
CB HB1 HB2 HB3
[ARG1]
CB HB2 HB3 CG HG2 HG3 CD HD2 HD3 NE HE
[ARG2]
CZ NH1 HH11 HH12 NH2 HH21 HH22
[ASN1]
CB HB2 HB3 CG OD1 ND2 HD21 HD22
[ASP1]
CB HB2 HB3 CG OD1 OD2
[ASH1]
CB HB2 HB3 CG OD1 OD2 HD2
[CYS1]
CB HB2 HB3 SG HG
[GLU1]
CB HB2 HB3 CG HG2 HG3 CD OE1 OE2
[GLH1]
CB HB2 HB3 CG HG2 HG3 CD OE1 OE2 HE2
[GLN1]
CB HB2 HB3 CG HG2 HG3 CD OE1 NE2 HE21 HE22
[GLY1]
CA HA2 HA3
[HID1]
CB HB2 HB3 CG
[HID2]
ND1 HD1 CE1 HE1
[HID3]
NE2 CD2 HD2
[HIE1]
CB HB2 HB3 CG
[HIE2]
ND1 CE1 HE1
[HIE3]
NE2 CD2 HD2 HE2
[HIP1]
CB HB2 HB3 CG
[HIP2]
ND1 HD1 CE1 HE1
[HIP3]
NE2 CD2 HD2 HE2
[ILE1]
CB HB CG2 HG21 HG22 HG23 CG1 HG12 HG13 CD1 HD11 HD12 HD13
[LEU1]
CB HB2 HB3 CG HG CD1 HD11 HD12 HD13 CD2 HD21 HD22 HD23
[LYS1]
CB HB2 HB3 CG HG2 HG3 CD HD2 HD3
[LYS2]
CE HE2 HE3 NZ HZ1 HZ2 HZ3
[MET1]
CB HB2 HB3 CG HG2 HG3 SD CE HE1 HE2 HE3
[PHE1]
CB HB2 HB3 CG CD1 HD1
[PHE2]
CE1 HE1 CZ HZ
[PHE3]
CD2 HD2 CE2 HE2
[PRO1]
CD HD2 HD3 CB HB2 HB3 CG HG2 HG3
[SER1]
CB HB2 HB3 OG HG
[THR1]
CB HB OG1 HG1 CG2 HG21 HG22 HG23
[TRP1]
CB HB2 HB3 CG CD2
[TRP2]
CD1 HD1 NE1 HE1 CE2
[TRP3]
CE3 HE3 CZ3 HZ3
[TRP4]
CZ2 HZ2 CH2 HH2
[TYR1]
CB HB2 HB3 CG CD1 HD1
[TYR2]
CE1 HE1 CZ OH HH
[TYR3]
CD2 HD2 CE2 HE2 
[VAL1]
CB HB CG1 HG11 HG12 HG13 CG2 HG21 HG22 HG23
