[ALA]
N CA O C CB
[ARG]
N CA O C CB CG CD NE CZ NH1 NH2 
[ARGC]
N CA O C CB CG CD NE CZ NH1 NH2 OXT
[ASN]
N CA O C CB CG OD1 ND2
[ASP]
N CA O C CB CG OD1 OD2
[ASH]
N CA O C CB CG OD1 OD2
[CYS]
N CA O C CB SG
[GLU]
N CA O C CB CG CD OE1 OE2
[GLUC]
N CA O C CB CG CD OE1 OE2 OXT
[GLH]
N CA O C CB CG CD OE1 OE2
[GLN]
N CA O C CB CG CD OE1 NE2
[GLNC]
N CA O C CB CG CD OE1 NE2 OXT
[GLY]
N CA O C
[HID]
N CA O C CB CG ND1 CD2 CE1 NE2
[HIE]
N CA O C CB CG ND1 CD2 CE1 NE2
[HIP]
N CA O C CB CG ND1 CD2 CE1 NE2
[ILE]
N CA O C CB CG2 CG1 CD1
[LEU]
N CA O C CB CG CD1 CD2
[LEUC]
N CA O C CB CG CD1 CD2 OXT
[LYS]
N CA O C CB CG CD CE NZ
[LYSC]
N CA O C CB CG CD CE NZ OXT
[MET]
N CA O C CB CG SD CE 
[PHE]
N CA O C CB CG CD1 CE1 CZ CD2 CE2
[PRO]
N CA O C CD CB CG 
[PROC]
N CA O C CD CB CG OXT
[SER]
N CA O C CB OG 
[SERC]
N CA O C CB OG OXT
[THR]
N CA O C CB OG1 CG2
[TRP]
N CA O C CB CG CD2 CD1 NE1 CE2 CE3 CZ3 CZ2 CH2
[TYR]
N CA O C CB CG CD1 CE1 CZ OH CD2 CE2
[TYRC]
N CA C O CB CG CD1 CD2 CE1 CE2 CZ OH OXT 
[VAL]
N CA O C CB CG1 CG2
[CRO]
N1 CA CB1 CG1 OG1 C1 N2 N3 C2 O2 CA2 CA3 C3 O3 CB2 CG2 CD1 CD2 CE1 CE2 CZ  OH 
