[BB]
N CA O C HA H
[BBH]
N CA O C HA
[BBN]
N CA O C HA H1 H2 H3
[BBC]
N CA O C HA H OXT
[ALA1]
N CA O C HA H CB HB1 HB2 HB3
[ALAN]
N CA O C HA CB HB1 HB2 HB3 H1 H2 H3
[ARG2]
CB HB2 HB3 CG HG2 HG3 CD HD2 HD3 NE HE 
[ARG3]
CZ NH1 HH11 HH12 NH2 HH21 HH22
[ASN2]
CB HB2 HB3 CG OD1 ND2 HD21 HD22
[ASH2]
CB HB2 HB3 CG OD1 OD2 HD2
[ASP2]
CB HB2 HB3 CG OD1 OD2
[CYS2]
CB HB2 HB3 SG HG
[CYX2]
CB HB2 HB3 SG
[GLU2]
CB HB2 HB3 CG HG2 HG3 CD OE1 OE2
[GLH2]
CB HB2 HB3 CG HG2 HG3 CD OE1 OE2 HE2
[GLN2]
CB HB2 HB3 CG HG2 HG3 CD OE1 NE2 HE21 HE22
[GLY1]
N CA O C H HA2 HA3
[HID2]
CB HB2 HB3 CG
[HID3]
ND1 HD1 CE1 HE1
[HID4]
NE2 CD2 HD2
[HIE2]
CB HB2 HB3 CG 
[HIE3]
ND1 CE1 HE1 
[HIE4]
NE2 CD2 HD2 HE2
[HIP2]
CB HB2 HB3 CG 
[HIP3]
ND1 HD1 CE1 HE1 
[HIP4]
NE2 CD2 HD2 HE2
[ILE2]
CB HB CG2 HG21 HG22 HG23 CG1 HG12 HG13 CD1 HD11 HD12 HD13
[LEU2]
CB HB2 HB3 CG HG CD1 HD11 HD12 HD13 CD2 HD21 HD22 HD23
[LYS2]
CB HB2 HB3 CG HG2 HG3 CD HD2 HD3 
[LYS3]
CE HE2 HE3 NZ HZ1 HZ2 HZ3
[MET2]
CB HB2 HB3 CG HG2 HG3 SD CE HE1 HE2 HE3
[PHE2]
CB HB2 HB3 CG CD2 HD2
[PHE3]
CD1 HD1 CE2 HE2
[PHE4]
CE1 HE1 CZ HZ
[PRO2]
CD HD2 HD3 CB HB2 HB3 CG HG2 HG3
[SER2]
CB HB2 HB3 OG HG
[THR2]
CB HB OG1 HG1 CG2 HG21 HG22 HG23
[TRP2]
CB HB2 HB3 CG CD2 
[TRP3]
CD1 HD1 NE1 HE1 CE2
[TRP4]
CE3 HE3 CZ3 HZ3
[TRP5]
CZ2 HZ2 CH2 HH2
[TYR2]
CB HB2 HB3 CG CD1 HD1
[TYR3]
CE1 HE1 CZ OH HH
[TYR4]
CD2 HD2 CE2 HE2
[VAL2]
CB HB CG1 HG11 HG12 HG13 CG2 HG21 HG22 HG23
